longerMatchesHigherWeights
subtractNondet
import
ostiaConservative
reweight
rpni
rpniEdsm
clearOutput
identity
dropEpsilon
rpniMdl
dict
stringFile
ostiaMaxDeepOverlap
activeLearningFromDataset
rpniMealy
inverse
parseATT
ostiaMaxCompatibleInputsAndOutputs
compress
ostiaMaxCompatible
ostiaMaxCompatibleInputs
subtract
ostiaWithDomain
ostiaMaxOverlap
importATT
randomDFA
compose
ostia
@uppercase
@add
@lowercase
@extractGroup
@reverse
